---
source: tui/src/chatwidget/tests.rs
expression: visible_after
---
To get started, describe a task or try one of these commands:

 /status - show current session configuration and token usage
 /approvals - choose what Codex can do without approval
 /model - choose what model and reasoning effort to use
 /provider - choose model provider
